<?xml version="1.0" encoding="UTF-8"?>
<TestRun id="2ee16753-4f68-425e-8f55-640ff3850aae" name="15510@DESKTOP-EU8LO5A 2018-03-30 23:23:18" runUser="DESKTOP-EU8LO5A\15510" xmlns="http://microsoft.com/schemas/VisualStudio/TeamTest/2010">
  <TestSettings name="Local" id="56ce8ae9-4638-40f4-99a6-81e83220a448">
    <Description>These are default test settings for a local test run.</Description>
    <Deployment enabled="false" runDeploymentRoot="15510_DESKTOP-EU8LO5A 2018-03-30 23_23_18">
      <DeploymentItem filename="E:\HK1-02\QLNhanVien\QLCuaHangVai\QLCuaHangVai\bin\Debug\QLCuaHangVai.exe" />
    </Deployment>
    <Execution>
      <TestTypeSpecific />
      <AgentRule name="Execution Agents">
      </AgentRule>
    </Execution>
  </TestSettings>
  <Times creation="2018-03-30T23:23:18.1591000+07:00" queuing="2018-03-30T23:23:19.6939834+07:00" start="2018-03-30T23:23:19.7825637+07:00" finish="2018-03-30T23:23:22.7348787+07:00" />
  <ResultSummary outcome="Completed">
    <Counters total="20" executed="20" passed="20" error="0" failed="0" timeout="0" aborted="0" inconclusive="0" passedButRunAborted="0" notRunnable="0" notExecuted="0" disconnected="0" warning="0" completed="0" inProgress="0" pending="0" />
  </ResultSummary>
  <TestDefinitions>
    <UnitTest name="TestCheckMauVai" storage="e:\hk1-02\qlnhanvien\qlcuahangvai\unittest\bin\debug\unittest.dll" id="d03967d4-dadb-0bfb-49c9-a1d9ce083bb7">
      <Execution id="1e3d90b6-1ded-486c-b4ae-bf24bbcda1fa" />
      <TestMethod codeBase="E:/HK1-02/QLNhanVien/QLCuaHangVai/UnitTest/bin/Debug/UnitTest.DLL" adapterTypeName="Microsoft.VisualStudio.TestTools.TestTypes.Unit.UnitTestAdapter, Microsoft.VisualStudio.QualityTools.Tips.UnitTest.Adapter, Version=10.0.0.0, Culture=neutral, PublicKeyToken=b03f5f7f11d50a3a" className="UnitTest.UnitTestXuatNhapTon, UnitTest, Version=1.0.0.0, Culture=neutral, PublicKeyToken=null" name="TestCheckMauVai" />
    </UnitTest>
    <UnitTest name="TestCheckLoaiVai" storage="e:\hk1-02\qlnhanvien\qlcuahangvai\unittest\bin\debug\unittest.dll" id="ab60818f-2525-eaeb-c017-4d9402e8be73">
      <Execution id="bf09c39d-cd13-4e1b-92be-624e874702de" />
      <TestMethod codeBase="E:/HK1-02/QLNhanVien/QLCuaHangVai/UnitTest/bin/Debug/UnitTest.DLL" adapterTypeName="Microsoft.VisualStudio.TestTools.TestTypes.Unit.UnitTestAdapter, Microsoft.VisualStudio.QualityTools.Tips.UnitTest.Adapter, Version=10.0.0.0, Culture=neutral, PublicKeyToken=b03f5f7f11d50a3a" className="UnitTest.UnitTestXuatNhapTon, UnitTest, Version=1.0.0.0, Culture=neutral, PublicKeyToken=null" name="TestCheckLoaiVai" />
    </UnitTest>
    <UnitTest name="TestCheckSoLuong" storage="e:\hk1-02\qlnhanvien\qlcuahangvai\unittest\bin\debug\unittest.dll" id="d9261dba-a68e-8b82-b1b5-45aacd89fc53">
      <Execution id="ead45000-32a5-4ae3-8166-935f7464692a" />
      <TestMethod codeBase="E:/HK1-02/QLNhanVien/QLCuaHangVai/UnitTest/bin/Debug/UnitTest.DLL" adapterTypeName="Microsoft.VisualStudio.TestTools.TestTypes.Unit.UnitTestAdapter, Microsoft.VisualStudio.QualityTools.Tips.UnitTest.Adapter, Version=10.0.0.0, Culture=neutral, PublicKeyToken=b03f5f7f11d50a3a" className="UnitTest.UnitTestXuatNhapTon, UnitTest, Version=1.0.0.0, Culture=neutral, PublicKeyToken=null" name="TestCheckSoLuong" />
    </UnitTest>
    <UnitTest name="dbo_ChamCongNVTest" storage="e:\hk1-02\qlnhanvien\qlcuahangvai\unittest\bin\debug\unittest.dll" id="7c94ccda-7e65-ba55-8994-b3c622076d9f">
      <Execution id="421b4bd8-ae70-4436-bf0f-e872f129f10d" />
      <TestMethod codeBase="E:/HK1-02/QLNhanVien/QLCuaHangVai/UnitTest/bin/Debug/UnitTest.DLL" adapterTypeName="Microsoft.VisualStudio.TestTools.TestTypes.Unit.UnitTestAdapter, Microsoft.VisualStudio.QualityTools.Tips.UnitTest.Adapter, Version=10.0.0.0, Culture=neutral, PublicKeyToken=b03f5f7f11d50a3a" className="UnitTest.DatabaseUnitTestsChamCong, UnitTest, Version=1.0.0.0, Culture=neutral, PublicKeyToken=null" name="dbo_ChamCongNVTest" />
    </UnitTest>
    <UnitTest name="dbo_LoginQuanLyTest" storage="e:\hk1-02\qlnhanvien\qlcuahangvai\unittest\bin\debug\unittest.dll" id="5144884e-44f2-8f98-f1a3-36862b394b27">
      <Execution id="08e13551-022e-467f-b7ea-5b76ecf11a83" />
      <TestMethod codeBase="E:/HK1-02/QLNhanVien/QLCuaHangVai/UnitTest/bin/Debug/UnitTest.DLL" adapterTypeName="Microsoft.VisualStudio.TestTools.TestTypes.Unit.UnitTestAdapter, Microsoft.VisualStudio.QualityTools.Tips.UnitTest.Adapter, Version=10.0.0.0, Culture=neutral, PublicKeyToken=b03f5f7f11d50a3a" className="UnitTest.DatabaseUnitTestsLongin, UnitTest, Version=1.0.0.0, Culture=neutral, PublicKeyToken=null" name="dbo_LoginQuanLyTest" />
    </UnitTest>
    <UnitTest name="dbo_XuatHangTest" storage="e:\hk1-02\qlnhanvien\qlcuahangvai\unittest\bin\debug\unittest.dll" id="b2bcc80e-b092-a891-81a9-aaa9c4b5c46a">
      <Execution id="b45a74fe-62d8-4964-a817-109fbcdca809" />
      <TestMethod codeBase="E:/HK1-02/QLNhanVien/QLCuaHangVai/UnitTest/bin/Debug/UnitTest.DLL" adapterTypeName="Microsoft.VisualStudio.TestTools.TestTypes.Unit.UnitTestAdapter, Microsoft.VisualStudio.QualityTools.Tips.UnitTest.Adapter, Version=10.0.0.0, Culture=neutral, PublicKeyToken=b03f5f7f11d50a3a" className="UnitTest.DatabaseUnitTestsXuatHang, UnitTest, Version=1.0.0.0, Culture=neutral, PublicKeyToken=null" name="dbo_XuatHangTest" />
    </UnitTest>
    <UnitTest name="dbo_LoginNhanVienTest" storage="e:\hk1-02\qlnhanvien\qlcuahangvai\unittest\bin\debug\unittest.dll" id="b49f13fe-92d9-9ba1-2537-dd33ed5f0e52">
      <Execution id="aa028df4-ebc6-45d2-9fb2-202161875d5c" />
      <TestMethod codeBase="E:/HK1-02/QLNhanVien/QLCuaHangVai/UnitTest/bin/Debug/UnitTest.DLL" adapterTypeName="Microsoft.VisualStudio.TestTools.TestTypes.Unit.UnitTestAdapter, Microsoft.VisualStudio.QualityTools.Tips.UnitTest.Adapter, Version=10.0.0.0, Culture=neutral, PublicKeyToken=b03f5f7f11d50a3a" className="UnitTest.DatabaseUnitTestsLongin, UnitTest, Version=1.0.0.0, Culture=neutral, PublicKeyToken=null" name="dbo_LoginNhanVienTest" />
    </UnitTest>
    <UnitTest name="dbo_TTNhanVienTest" storage="e:\hk1-02\qlnhanvien\qlcuahangvai\unittest\bin\debug\unittest.dll" id="9f4e270d-c135-3712-7346-cc7414008f6d">
      <Execution id="bd9b1cb5-2961-45a2-b886-1e7ee0e94fb1" />
      <TestMethod codeBase="E:/HK1-02/QLNhanVien/QLCuaHangVai/UnitTest/bin/Debug/UnitTest.DLL" adapterTypeName="Microsoft.VisualStudio.TestTools.TestTypes.Unit.UnitTestAdapter, Microsoft.VisualStudio.QualityTools.Tips.UnitTest.Adapter, Version=10.0.0.0, Culture=neutral, PublicKeyToken=b03f5f7f11d50a3a" className="UnitTest.DatabaseUnitTestsTTNhanVien, UnitTest, Version=1.0.0.0, Culture=neutral, PublicKeyToken=null" name="dbo_TTNhanVienTest" />
    </UnitTest>
    <UnitTest name="dbo_kiemTraHangTonTest" storage="e:\hk1-02\qlnhanvien\qlcuahangvai\unittest\bin\debug\unittest.dll" id="5d4a4ec9-291d-d1d0-629c-a90ff9e5e0a7">
      <Execution id="8ccdc852-db0f-46fd-906a-0323411766e6" />
      <TestMethod codeBase="E:/HK1-02/QLNhanVien/QLCuaHangVai/UnitTest/bin/Debug/UnitTest.DLL" adapterTypeName="Microsoft.VisualStudio.TestTools.TestTypes.Unit.UnitTestAdapter, Microsoft.VisualStudio.QualityTools.Tips.UnitTest.Adapter, Version=10.0.0.0, Culture=neutral, PublicKeyToken=b03f5f7f11d50a3a" className="UnitTest.DatabaseUnitTestsKiemTraHangTon, UnitTest, Version=1.0.0.0, Culture=neutral, PublicKeyToken=null" name="dbo_kiemTraHangTonTest" />
    </UnitTest>
    <UnitTest name="dbo_GetImagesQuanLyTest" storage="e:\hk1-02\qlnhanvien\qlcuahangvai\unittest\bin\debug\unittest.dll" id="0bf20b2a-2f19-15e6-68db-a7ee0227decd">
      <Execution id="dafb26d4-8486-4217-9622-24514ac82eab" />
      <TestMethod codeBase="E:/HK1-02/QLNhanVien/QLCuaHangVai/UnitTest/bin/Debug/UnitTest.DLL" adapterTypeName="Microsoft.VisualStudio.TestTools.TestTypes.Unit.UnitTestAdapter, Microsoft.VisualStudio.QualityTools.Tips.UnitTest.Adapter, Version=10.0.0.0, Culture=neutral, PublicKeyToken=b03f5f7f11d50a3a" className="UnitTest.DatabaseUnitTestsGetImage, UnitTest, Version=1.0.0.0, Culture=neutral, PublicKeyToken=null" name="dbo_GetImagesQuanLyTest" />
    </UnitTest>
    <UnitTest name="TestCheckDonGia" storage="e:\hk1-02\qlnhanvien\qlcuahangvai\unittest\bin\debug\unittest.dll" id="975f161b-3fb2-aa6d-b549-a33a15fdf452">
      <Execution id="ffc18a17-ad10-4d6a-b883-e1e921102a0e" />
      <TestMethod codeBase="E:/HK1-02/QLNhanVien/QLCuaHangVai/UnitTest/bin/Debug/UnitTest.DLL" adapterTypeName="Microsoft.VisualStudio.TestTools.TestTypes.Unit.UnitTestAdapter, Microsoft.VisualStudio.QualityTools.Tips.UnitTest.Adapter, Version=10.0.0.0, Culture=neutral, PublicKeyToken=b03f5f7f11d50a3a" className="UnitTest.UnitTestXuatNhapTon, UnitTest, Version=1.0.0.0, Culture=neutral, PublicKeyToken=null" name="TestCheckDonGia" />
    </UnitTest>
    <UnitTest name="CheckUser" storage="e:\hk1-02\qlnhanvien\qlcuahangvai\unittest\bin\debug\unittest.dll" id="8c788dae-6c35-057d-3435-5e5db07b860a">
      <Execution id="6872a902-38c5-4c07-9bec-ef33b494f0e0" />
      <TestMethod codeBase="E:/HK1-02/QLNhanVien/QLCuaHangVai/UnitTest/bin/Debug/UnitTest.DLL" adapterTypeName="Microsoft.VisualStudio.TestTools.TestTypes.Unit.UnitTestAdapter, Microsoft.VisualStudio.QualityTools.Tips.UnitTest.Adapter, Version=10.0.0.0, Culture=neutral, PublicKeyToken=b03f5f7f11d50a3a" className="UnitTest.UnitTestQLNhanVien, UnitTest, Version=1.0.0.0, Culture=neutral, PublicKeyToken=null" name="CheckUser" />
    </UnitTest>
    <UnitTest name="dbo_TTMotNhanVienTest" storage="e:\hk1-02\qlnhanvien\qlcuahangvai\unittest\bin\debug\unittest.dll" id="bc68cec7-44e0-881b-06ab-50a3dc00146f">
      <Execution id="da614aee-ec02-457b-93bd-c7338dfb2ea7" />
      <TestMethod codeBase="E:/HK1-02/QLNhanVien/QLCuaHangVai/UnitTest/bin/Debug/UnitTest.DLL" adapterTypeName="Microsoft.VisualStudio.TestTools.TestTypes.Unit.UnitTestAdapter, Microsoft.VisualStudio.QualityTools.Tips.UnitTest.Adapter, Version=10.0.0.0, Culture=neutral, PublicKeyToken=b03f5f7f11d50a3a" className="UnitTest.DatabaseUnitTestsTTNhanVien, UnitTest, Version=1.0.0.0, Culture=neutral, PublicKeyToken=null" name="dbo_TTMotNhanVienTest" />
    </UnitTest>
    <UnitTest name="dbo_getGioCongTest" storage="e:\hk1-02\qlnhanvien\qlcuahangvai\unittest\bin\debug\unittest.dll" id="982cb591-8826-e171-8045-47da7d63ef91">
      <Execution id="ae62eb59-91a8-42b4-98ce-70f1a0a0987e" />
      <TestMethod codeBase="E:/HK1-02/QLNhanVien/QLCuaHangVai/UnitTest/bin/Debug/UnitTest.DLL" adapterTypeName="Microsoft.VisualStudio.TestTools.TestTypes.Unit.UnitTestAdapter, Microsoft.VisualStudio.QualityTools.Tips.UnitTest.Adapter, Version=10.0.0.0, Culture=neutral, PublicKeyToken=b03f5f7f11d50a3a" className="UnitTest.DatabaseUnitTestsGetgioCong, UnitTest, Version=1.0.0.0, Culture=neutral, PublicKeyToken=null" name="dbo_getGioCongTest" />
    </UnitTest>
    <UnitTest name="TestMa" storage="e:\hk1-02\qlnhanvien\qlcuahangvai\unittest\bin\debug\unittest.dll" id="5d199788-ebfc-ad7f-b05b-fc453b94b9ee">
      <Execution id="902d792d-d3e6-4a1c-aa20-6c27beca7b0d" />
      <TestMethod codeBase="E:/HK1-02/QLNhanVien/QLCuaHangVai/UnitTest/bin/Debug/UnitTest.DLL" adapterTypeName="Microsoft.VisualStudio.TestTools.TestTypes.Unit.UnitTestAdapter, Microsoft.VisualStudio.QualityTools.Tips.UnitTest.Adapter, Version=10.0.0.0, Culture=neutral, PublicKeyToken=b03f5f7f11d50a3a" className="UnitTest.UnitTestXuatNhapTon, UnitTest, Version=1.0.0.0, Culture=neutral, PublicKeyToken=null" name="TestMa" />
    </UnitTest>
    <UnitTest name="TestCheckGetSoLuong" storage="e:\hk1-02\qlnhanvien\qlcuahangvai\unittest\bin\debug\unittest.dll" id="ed1d21d2-4a53-ba66-3381-37b6f0842911">
      <Execution id="dfab1dd6-fa2d-482f-a969-74056080bb39" />
      <TestMethod codeBase="E:/HK1-02/QLNhanVien/QLCuaHangVai/UnitTest/bin/Debug/UnitTest.DLL" adapterTypeName="Microsoft.VisualStudio.TestTools.TestTypes.Unit.UnitTestAdapter, Microsoft.VisualStudio.QualityTools.Tips.UnitTest.Adapter, Version=10.0.0.0, Culture=neutral, PublicKeyToken=b03f5f7f11d50a3a" className="UnitTest.UnitTestXuatNhapTon, UnitTest, Version=1.0.0.0, Culture=neutral, PublicKeyToken=null" name="TestCheckGetSoLuong" />
    </UnitTest>
    <UnitTest name="TestCheckTenVai" storage="e:\hk1-02\qlnhanvien\qlcuahangvai\unittest\bin\debug\unittest.dll" id="a41746fb-af4d-c13f-7cdf-a00c2cabed08">
      <Execution id="52c66fd3-ed7b-4f5a-ac9e-d74ac4dbea64" />
      <TestMethod codeBase="E:/HK1-02/QLNhanVien/QLCuaHangVai/UnitTest/bin/Debug/UnitTest.DLL" adapterTypeName="Microsoft.VisualStudio.TestTools.TestTypes.Unit.UnitTestAdapter, Microsoft.VisualStudio.QualityTools.Tips.UnitTest.Adapter, Version=10.0.0.0, Culture=neutral, PublicKeyToken=b03f5f7f11d50a3a" className="UnitTest.UnitTestXuatNhapTon, UnitTest, Version=1.0.0.0, Culture=neutral, PublicKeyToken=null" name="TestCheckTenVai" />
    </UnitTest>
    <UnitTest name="ChiSo" storage="e:\hk1-02\qlnhanvien\qlcuahangvai\unittest\bin\debug\unittest.dll" id="aee236bc-5034-2ee4-8773-37151e220799">
      <Execution id="2d00313e-c3b3-4c59-b9b0-aa8c742bba17" />
      <TestMethod codeBase="E:/HK1-02/QLNhanVien/QLCuaHangVai/UnitTest/bin/Debug/UnitTest.DLL" adapterTypeName="Microsoft.VisualStudio.TestTools.TestTypes.Unit.UnitTestAdapter, Microsoft.VisualStudio.QualityTools.Tips.UnitTest.Adapter, Version=10.0.0.0, Culture=neutral, PublicKeyToken=b03f5f7f11d50a3a" className="UnitTest.UnitTestQLNhanVien, UnitTest, Version=1.0.0.0, Culture=neutral, PublicKeyToken=null" name="ChiSo" />
    </UnitTest>
    <UnitTest name="dbo_GetImagesNhanVienTest" storage="e:\hk1-02\qlnhanvien\qlcuahangvai\unittest\bin\debug\unittest.dll" id="ee67e1b8-6a28-c70f-00fd-66e86af0f0b8">
      <Execution id="e287b385-2a3f-45d1-8762-7da1a213f122" />
      <TestMethod codeBase="E:/HK1-02/QLNhanVien/QLCuaHangVai/UnitTest/bin/Debug/UnitTest.DLL" adapterTypeName="Microsoft.VisualStudio.TestTools.TestTypes.Unit.UnitTestAdapter, Microsoft.VisualStudio.QualityTools.Tips.UnitTest.Adapter, Version=10.0.0.0, Culture=neutral, PublicKeyToken=b03f5f7f11d50a3a" className="UnitTest.DatabaseUnitTestsGetImage, UnitTest, Version=1.0.0.0, Culture=neutral, PublicKeyToken=null" name="dbo_GetImagesNhanVienTest" />
    </UnitTest>
    <UnitTest name="dbo_getSanPhamTest" storage="e:\hk1-02\qlnhanvien\qlcuahangvai\unittest\bin\debug\unittest.dll" id="6aed6b54-79bb-e6cd-9969-08d1207b5958">
      <Execution id="8e8740c6-03ba-4a03-84da-18e24cfec9e1" />
      <TestMethod codeBase="E:/HK1-02/QLNhanVien/QLCuaHangVai/UnitTest/bin/Debug/UnitTest.DLL" adapterTypeName="Microsoft.VisualStudio.TestTools.TestTypes.Unit.UnitTestAdapter, Microsoft.VisualStudio.QualityTools.Tips.UnitTest.Adapter, Version=10.0.0.0, Culture=neutral, PublicKeyToken=b03f5f7f11d50a3a" className="UnitTest.DatabaseUnitTestsGetSP, UnitTest, Version=1.0.0.0, Culture=neutral, PublicKeyToken=null" name="dbo_getSanPhamTest" />
    </UnitTest>
  </TestDefinitions>
  <TestLists>
    <TestList name="Results Not in a List" id="8c84fa94-04c1-424b-9868-57a2d4851a1d" />
    <TestList name="All Loaded Results" id="19431567-8539-422a-85d7-44ee4e166bda" />
  </TestLists>
  <TestEntries>
    <TestEntry testId="0bf20b2a-2f19-15e6-68db-a7ee0227decd" executionId="dafb26d4-8486-4217-9622-24514ac82eab" testListId="8c84fa94-04c1-424b-9868-57a2d4851a1d" />
    <TestEntry testId="5144884e-44f2-8f98-f1a3-36862b394b27" executionId="08e13551-022e-467f-b7ea-5b76ecf11a83" testListId="8c84fa94-04c1-424b-9868-57a2d4851a1d" />
    <TestEntry testId="5d199788-ebfc-ad7f-b05b-fc453b94b9ee" executionId="902d792d-d3e6-4a1c-aa20-6c27beca7b0d" testListId="8c84fa94-04c1-424b-9868-57a2d4851a1d" />
    <TestEntry testId="5d4a4ec9-291d-d1d0-629c-a90ff9e5e0a7" executionId="8ccdc852-db0f-46fd-906a-0323411766e6" testListId="8c84fa94-04c1-424b-9868-57a2d4851a1d" />
    <TestEntry testId="6aed6b54-79bb-e6cd-9969-08d1207b5958" executionId="8e8740c6-03ba-4a03-84da-18e24cfec9e1" testListId="8c84fa94-04c1-424b-9868-57a2d4851a1d" />
    <TestEntry testId="7c94ccda-7e65-ba55-8994-b3c622076d9f" executionId="421b4bd8-ae70-4436-bf0f-e872f129f10d" testListId="8c84fa94-04c1-424b-9868-57a2d4851a1d" />
    <TestEntry testId="8c788dae-6c35-057d-3435-5e5db07b860a" executionId="6872a902-38c5-4c07-9bec-ef33b494f0e0" testListId="8c84fa94-04c1-424b-9868-57a2d4851a1d" />
    <TestEntry testId="975f161b-3fb2-aa6d-b549-a33a15fdf452" executionId="ffc18a17-ad10-4d6a-b883-e1e921102a0e" testListId="8c84fa94-04c1-424b-9868-57a2d4851a1d" />
    <TestEntry testId="982cb591-8826-e171-8045-47da7d63ef91" executionId="ae62eb59-91a8-42b4-98ce-70f1a0a0987e" testListId="8c84fa94-04c1-424b-9868-57a2d4851a1d" />
    <TestEntry testId="9f4e270d-c135-3712-7346-cc7414008f6d" executionId="bd9b1cb5-2961-45a2-b886-1e7ee0e94fb1" testListId="8c84fa94-04c1-424b-9868-57a2d4851a1d" />
    <TestEntry testId="a41746fb-af4d-c13f-7cdf-a00c2cabed08" executionId="52c66fd3-ed7b-4f5a-ac9e-d74ac4dbea64" testListId="8c84fa94-04c1-424b-9868-57a2d4851a1d" />
    <TestEntry testId="ab60818f-2525-eaeb-c017-4d9402e8be73" executionId="bf09c39d-cd13-4e1b-92be-624e874702de" testListId="8c84fa94-04c1-424b-9868-57a2d4851a1d" />
    <TestEntry testId="aee236bc-5034-2ee4-8773-37151e220799" executionId="2d00313e-c3b3-4c59-b9b0-aa8c742bba17" testListId="8c84fa94-04c1-424b-9868-57a2d4851a1d" />
    <TestEntry testId="b2bcc80e-b092-a891-81a9-aaa9c4b5c46a" executionId="b45a74fe-62d8-4964-a817-109fbcdca809" testListId="8c84fa94-04c1-424b-9868-57a2d4851a1d" />
    <TestEntry testId="b49f13fe-92d9-9ba1-2537-dd33ed5f0e52" executionId="aa028df4-ebc6-45d2-9fb2-202161875d5c" testListId="8c84fa94-04c1-424b-9868-57a2d4851a1d" />
    <TestEntry testId="bc68cec7-44e0-881b-06ab-50a3dc00146f" executionId="da614aee-ec02-457b-93bd-c7338dfb2ea7" testListId="8c84fa94-04c1-424b-9868-57a2d4851a1d" />
    <TestEntry testId="d03967d4-dadb-0bfb-49c9-a1d9ce083bb7" executionId="1e3d90b6-1ded-486c-b4ae-bf24bbcda1fa" testListId="8c84fa94-04c1-424b-9868-57a2d4851a1d" />
    <TestEntry testId="d9261dba-a68e-8b82-b1b5-45aacd89fc53" executionId="ead45000-32a5-4ae3-8166-935f7464692a" testListId="8c84fa94-04c1-424b-9868-57a2d4851a1d" />
    <TestEntry testId="ed1d21d2-4a53-ba66-3381-37b6f0842911" executionId="dfab1dd6-fa2d-482f-a969-74056080bb39" testListId="8c84fa94-04c1-424b-9868-57a2d4851a1d" />
    <TestEntry testId="ee67e1b8-6a28-c70f-00fd-66e86af0f0b8" executionId="e287b385-2a3f-45d1-8762-7da1a213f122" testListId="8c84fa94-04c1-424b-9868-57a2d4851a1d" />
  </TestEntries>
  <Results>
    <UnitTestResult executionId="dafb26d4-8486-4217-9622-24514ac82eab" testId="0bf20b2a-2f19-15e6-68db-a7ee0227decd" testName="dbo_GetImagesQuanLyTest" computerName="DESKTOP-EU8LO5A" duration="00:00:00.1486874" startTime="2018-03-30T23:23:19.8486228+07:00" endTime="2018-03-30T23:23:20.7494343+07:00" testType="13cdc9d9-ddb5-4fa4-a97d-d965ccfc6d4b" outcome="Passed" testListId="8c84fa94-04c1-424b-9868-57a2d4851a1d" relativeResultsDirectory="dafb26d4-8486-4217-9622-24514ac82eab">
      <Output>
        <DebugTrace>Executing test script...
1 batches, 1 ResultSets, 1 rows affected
Validating checksumCondition1
Validating rowCountCondition1
Validating scalarValueCondition1
</DebugTrace>
      </Output>
    </UnitTestResult>
    <UnitTestResult executionId="08e13551-022e-467f-b7ea-5b76ecf11a83" testId="5144884e-44f2-8f98-f1a3-36862b394b27" testName="dbo_LoginQuanLyTest" computerName="DESKTOP-EU8LO5A" duration="00:00:00.0129963" startTime="2018-03-30T23:23:20.7584424+07:00" endTime="2018-03-30T23:23:20.7744750+07:00" testType="13cdc9d9-ddb5-4fa4-a97d-d965ccfc6d4b" outcome="Passed" testListId="8c84fa94-04c1-424b-9868-57a2d4851a1d" relativeResultsDirectory="08e13551-022e-467f-b7ea-5b76ecf11a83">
      <Output>
        <DebugTrace>Executing test script...
1 batches, 1 ResultSets, 1 rows affected
Validating rowCountCondition1
Validating scalarValueCondition1
Validating checksumCondition1
</DebugTrace>
      </Output>
    </UnitTestResult>
    <UnitTestResult executionId="902d792d-d3e6-4a1c-aa20-6c27beca7b0d" testId="5d199788-ebfc-ad7f-b05b-fc453b94b9ee" testName="TestMa" computerName="DESKTOP-EU8LO5A" duration="00:00:00.0524490" startTime="2018-03-30T23:23:20.7824668+07:00" endTime="2018-03-30T23:23:20.8385151+07:00" testType="13cdc9d9-ddb5-4fa4-a97d-d965ccfc6d4b" outcome="Passed" testListId="8c84fa94-04c1-424b-9868-57a2d4851a1d" relativeResultsDirectory="902d792d-d3e6-4a1c-aa20-6c27beca7b0d">
    </UnitTestResult>
    <UnitTestResult executionId="8ccdc852-db0f-46fd-906a-0323411766e6" testId="5d4a4ec9-291d-d1d0-629c-a90ff9e5e0a7" testName="dbo_kiemTraHangTonTest" computerName="DESKTOP-EU8LO5A" duration="00:00:00.0177005" startTime="2018-03-30T23:23:20.8525273+07:00" endTime="2018-03-30T23:23:20.8742360+07:00" testType="13cdc9d9-ddb5-4fa4-a97d-d965ccfc6d4b" outcome="Passed" testListId="8c84fa94-04c1-424b-9868-57a2d4851a1d" relativeResultsDirectory="8ccdc852-db0f-46fd-906a-0323411766e6">
      <Output>
        <DebugTrace>Executing test script...
1 batches, 1 ResultSets, 1 rows affected
Validating checksumCondition1
Validating rowCountCondition1
Validating scalarValueCondition1
</DebugTrace>
      </Output>
    </UnitTestResult>
    <UnitTestResult executionId="8e8740c6-03ba-4a03-84da-18e24cfec9e1" testId="6aed6b54-79bb-e6cd-9969-08d1207b5958" testName="dbo_getSanPhamTest" computerName="DESKTOP-EU8LO5A" duration="00:00:00.0114166" startTime="2018-03-30T23:23:20.8832083+07:00" endTime="2018-03-30T23:23:20.8972209+07:00" testType="13cdc9d9-ddb5-4fa4-a97d-d965ccfc6d4b" outcome="Passed" testListId="8c84fa94-04c1-424b-9868-57a2d4851a1d" relativeResultsDirectory="8e8740c6-03ba-4a03-84da-18e24cfec9e1">
      <Output>
        <DebugTrace>Executing test script...
1 batches, 1 ResultSets, 3 rows affected
Validating rowCountCondition1
</DebugTrace>
      </Output>
    </UnitTestResult>
    <UnitTestResult executionId="421b4bd8-ae70-4436-bf0f-e872f129f10d" testId="7c94ccda-7e65-ba55-8994-b3c622076d9f" testName="dbo_ChamCongNVTest" computerName="DESKTOP-EU8LO5A" duration="00:00:00.0123396" startTime="2018-03-30T23:23:20.9052281+07:00" endTime="2018-03-30T23:23:20.9202775+07:00" testType="13cdc9d9-ddb5-4fa4-a97d-d965ccfc6d4b" outcome="Passed" testListId="8c84fa94-04c1-424b-9868-57a2d4851a1d" relativeResultsDirectory="421b4bd8-ae70-4436-bf0f-e872f129f10d">
      <Output>
        <DebugTrace>Executing test script...
1 batches, 0 ResultSets, 0 rows affected
Validating checksumCondition1
</DebugTrace>
      </Output>
    </UnitTestResult>
    <UnitTestResult executionId="6872a902-38c5-4c07-9bec-ef33b494f0e0" testId="8c788dae-6c35-057d-3435-5e5db07b860a" testName="CheckUser" computerName="DESKTOP-EU8LO5A" duration="00:00:00.0007296" startTime="2018-03-30T23:23:20.9282484+07:00" endTime="2018-03-30T23:23:20.9317525+07:00" testType="13cdc9d9-ddb5-4fa4-a97d-d965ccfc6d4b" outcome="Passed" testListId="8c84fa94-04c1-424b-9868-57a2d4851a1d" relativeResultsDirectory="6872a902-38c5-4c07-9bec-ef33b494f0e0">
    </UnitTestResult>
    <UnitTestResult executionId="ffc18a17-ad10-4d6a-b883-e1e921102a0e" testId="975f161b-3fb2-aa6d-b549-a33a15fdf452" testName="TestCheckDonGia" computerName="DESKTOP-EU8LO5A" duration="00:00:00.0007237" startTime="2018-03-30T23:23:20.9392611+07:00" endTime="2018-03-30T23:23:20.9427887+07:00" testType="13cdc9d9-ddb5-4fa4-a97d-d965ccfc6d4b" outcome="Passed" testListId="8c84fa94-04c1-424b-9868-57a2d4851a1d" relativeResultsDirectory="ffc18a17-ad10-4d6a-b883-e1e921102a0e">
    </UnitTestResult>
    <UnitTestResult executionId="ae62eb59-91a8-42b4-98ce-70f1a0a0987e" testId="982cb591-8826-e171-8045-47da7d63ef91" testName="dbo_getGioCongTest" computerName="DESKTOP-EU8LO5A" duration="00:00:00.0111507" startTime="2018-03-30T23:23:20.9502692+07:00" endTime="2018-03-30T23:23:20.9643172+07:00" testType="13cdc9d9-ddb5-4fa4-a97d-d965ccfc6d4b" outcome="Passed" testListId="8c84fa94-04c1-424b-9868-57a2d4851a1d" relativeResultsDirectory="ae62eb59-91a8-42b4-98ce-70f1a0a0987e">
      <Output>
        <DebugTrace>Executing test script...
1 batches, 1 ResultSets, 1 rows affected
Validating rowCountCondition1
</DebugTrace>
      </Output>
    </UnitTestResult>
    <UnitTestResult executionId="bd9b1cb5-2961-45a2-b886-1e7ee0e94fb1" testId="9f4e270d-c135-3712-7346-cc7414008f6d" testName="dbo_TTNhanVienTest" computerName="DESKTOP-EU8LO5A" duration="00:00:00.0119419" startTime="2018-03-30T23:23:20.9717881+07:00" endTime="2018-03-30T23:23:20.9868017+07:00" testType="13cdc9d9-ddb5-4fa4-a97d-d965ccfc6d4b" outcome="Passed" testListId="8c84fa94-04c1-424b-9868-57a2d4851a1d" relativeResultsDirectory="bd9b1cb5-2961-45a2-b886-1e7ee0e94fb1">
      <Output>
        <DebugTrace>Executing test script...
1 batches, 1 ResultSets, 3 rows affected
Validating rowCountCondition1
Validating scalarValueCondition1
</DebugTrace>
      </Output>
    </UnitTestResult>
    <UnitTestResult executionId="52c66fd3-ed7b-4f5a-ac9e-d74ac4dbea64" testId="a41746fb-af4d-c13f-7cdf-a00c2cabed08" testName="TestCheckTenVai" computerName="DESKTOP-EU8LO5A" duration="00:00:00.0004538" startTime="2018-03-30T23:23:20.9948089+07:00" endTime="2018-03-30T23:23:20.9988152+07:00" testType="13cdc9d9-ddb5-4fa4-a97d-d965ccfc6d4b" outcome="Passed" testListId="8c84fa94-04c1-424b-9868-57a2d4851a1d" relativeResultsDirectory="52c66fd3-ed7b-4f5a-ac9e-d74ac4dbea64">
    </UnitTestResult>
    <UnitTestResult executionId="bf09c39d-cd13-4e1b-92be-624e874702de" testId="ab60818f-2525-eaeb-c017-4d9402e8be73" testName="TestCheckLoaiVai" computerName="DESKTOP-EU8LO5A" duration="00:00:00.0004370" startTime="2018-03-30T23:23:21.0078206+07:00" endTime="2018-03-30T23:23:21.0113238+07:00" testType="13cdc9d9-ddb5-4fa4-a97d-d965ccfc6d4b" outcome="Passed" testListId="8c84fa94-04c1-424b-9868-57a2d4851a1d" relativeResultsDirectory="bf09c39d-cd13-4e1b-92be-624e874702de">
    </UnitTestResult>
    <UnitTestResult executionId="2d00313e-c3b3-4c59-b9b0-aa8c742bba17" testId="aee236bc-5034-2ee4-8773-37151e220799" testName="ChiSo" computerName="DESKTOP-EU8LO5A" duration="00:00:00.0015371" startTime="2018-03-30T23:23:21.0203314+07:00" endTime="2018-03-30T23:23:21.0253387+07:00" testType="13cdc9d9-ddb5-4fa4-a97d-d965ccfc6d4b" outcome="Passed" testListId="8c84fa94-04c1-424b-9868-57a2d4851a1d" relativeResultsDirectory="2d00313e-c3b3-4c59-b9b0-aa8c742bba17">
    </UnitTestResult>
    <UnitTestResult executionId="b45a74fe-62d8-4964-a817-109fbcdca809" testId="b2bcc80e-b092-a891-81a9-aaa9c4b5c46a" testName="dbo_XuatHangTest" computerName="DESKTOP-EU8LO5A" duration="00:00:00.0322702" startTime="2018-03-30T23:23:21.0343441+07:00" endTime="2018-03-30T23:23:21.0703797+07:00" testType="13cdc9d9-ddb5-4fa4-a97d-d965ccfc6d4b" outcome="Passed" testListId="8c84fa94-04c1-424b-9868-57a2d4851a1d" relativeResultsDirectory="b45a74fe-62d8-4964-a817-109fbcdca809">
      <Output>
        <DebugTrace>Executing test script...
1 batches, 0 ResultSets, 1 rows affected
Validating checksumCondition1
</DebugTrace>
      </Output>
    </UnitTestResult>
    <UnitTestResult executionId="aa028df4-ebc6-45d2-9fb2-202161875d5c" testId="b49f13fe-92d9-9ba1-2537-dd33ed5f0e52" testName="dbo_LoginNhanVienTest" computerName="DESKTOP-EU8LO5A" duration="00:00:00.0130212" startTime="2018-03-30T23:23:21.0808865+07:00" endTime="2018-03-30T23:23:21.0974014+07:00" testType="13cdc9d9-ddb5-4fa4-a97d-d965ccfc6d4b" outcome="Passed" testListId="8c84fa94-04c1-424b-9868-57a2d4851a1d" relativeResultsDirectory="aa028df4-ebc6-45d2-9fb2-202161875d5c">
      <Output>
        <DebugTrace>Executing test script...
1 batches, 1 ResultSets, 1 rows affected
Validating checksumCondition2
Validating rowCountCondition2
Validating scalarValueCondition2
</DebugTrace>
      </Output>
    </UnitTestResult>
    <UnitTestResult executionId="da614aee-ec02-457b-93bd-c7338dfb2ea7" testId="bc68cec7-44e0-881b-06ab-50a3dc00146f" testName="dbo_TTMotNhanVienTest" computerName="DESKTOP-EU8LO5A" duration="00:00:00.0156675" startTime="2018-03-30T23:23:21.1064113+07:00" endTime="2018-03-30T23:23:21.1249407+07:00" testType="13cdc9d9-ddb5-4fa4-a97d-d965ccfc6d4b" outcome="Passed" testListId="8c84fa94-04c1-424b-9868-57a2d4851a1d" relativeResultsDirectory="da614aee-ec02-457b-93bd-c7338dfb2ea7">
      <Output>
        <DebugTrace>Executing test script...
1 batches, 1 ResultSets, 1 rows affected
Validating rowCountCondition2
Validating scalarValueCondition2
</DebugTrace>
      </Output>
    </UnitTestResult>
    <UnitTestResult executionId="1e3d90b6-1ded-486c-b4ae-bf24bbcda1fa" testId="d03967d4-dadb-0bfb-49c9-a1d9ce083bb7" testName="TestCheckMauVai" computerName="DESKTOP-EU8LO5A" duration="00:00:00.0003858" startTime="2018-03-30T23:23:21.1329329+07:00" endTime="2018-03-30T23:23:21.1359375+07:00" testType="13cdc9d9-ddb5-4fa4-a97d-d965ccfc6d4b" outcome="Passed" testListId="8c84fa94-04c1-424b-9868-57a2d4851a1d" relativeResultsDirectory="1e3d90b6-1ded-486c-b4ae-bf24bbcda1fa">
    </UnitTestResult>
    <UnitTestResult executionId="ead45000-32a5-4ae3-8166-935f7464692a" testId="d9261dba-a68e-8b82-b1b5-45aacd89fc53" testName="TestCheckSoLuong" computerName="DESKTOP-EU8LO5A" duration="00:00:00.0010466" startTime="2018-03-30T23:23:21.1439433+07:00" endTime="2018-03-30T23:23:21.1479474+07:00" testType="13cdc9d9-ddb5-4fa4-a97d-d965ccfc6d4b" outcome="Passed" testListId="8c84fa94-04c1-424b-9868-57a2d4851a1d" relativeResultsDirectory="ead45000-32a5-4ae3-8166-935f7464692a">
    </UnitTestResult>
    <UnitTestResult executionId="dfab1dd6-fa2d-482f-a969-74056080bb39" testId="ed1d21d2-4a53-ba66-3381-37b6f0842911" testName="TestCheckGetSoLuong" computerName="DESKTOP-EU8LO5A" duration="00:00:00.0003808" startTime="2018-03-30T23:23:21.1554555+07:00" endTime="2018-03-30T23:23:21.1584718+07:00" testType="13cdc9d9-ddb5-4fa4-a97d-d965ccfc6d4b" outcome="Passed" testListId="8c84fa94-04c1-424b-9868-57a2d4851a1d" relativeResultsDirectory="dfab1dd6-fa2d-482f-a969-74056080bb39">
    </UnitTestResult>
    <UnitTestResult executionId="e287b385-2a3f-45d1-8762-7da1a213f122" testId="ee67e1b8-6a28-c70f-00fd-66e86af0f0b8" testName="dbo_GetImagesNhanVienTest" computerName="DESKTOP-EU8LO5A" duration="00:00:00.0108310" startTime="2018-03-30T23:23:21.1659654+07:00" endTime="2018-03-30T23:23:21.1804762+07:00" testType="13cdc9d9-ddb5-4fa4-a97d-d965ccfc6d4b" outcome="Passed" testListId="8c84fa94-04c1-424b-9868-57a2d4851a1d" relativeResultsDirectory="e287b385-2a3f-45d1-8762-7da1a213f122">
      <Output>
        <DebugTrace>Executing test script...
1 batches, 1 ResultSets, 1 rows affected
Validating checksumCondition2
Validating rowCountCondition2
Validating scalarValueCondition2
</DebugTrace>
      </Output>
    </UnitTestResult>
  </Results>
</TestRun>